2026-06-09 23:17:40 [INFO] 已加载之前的索引
2026-06-09 23:17:43 [INFO] 已加载之前的索引
2026-06-09 23:18:47 [INFO] 已加载之前的索引
2026-06-09 23:18:50 [INFO] 已加载之前的索引
2026-06-09 23:20:43 [INFO] 已加载之前的索引
2026-06-09 23:20:46 [INFO] 已加载之前的索引
2026-06-10 10:39:21 [INFO] 已加载之前的索引
2026-06-10 10:39:24 [INFO] 已加载之前的索引
2026-06-10 10:39:35 [INFO] 已删除文件: uploads\·ûºÏ±¨¿¼°à¼¶.pdf
2026-06-10 10:39:37 [INFO] 已删除文件: uploads\test.pdf
2026-06-10 10:39:39 [INFO] 已删除文件: uploads\计算机学院2023-2024-2本科《数据结构与算法》软件工(1).pdf
2026-06-10 10:39:42 [INFO] 已删除文件: uploads\2026院校职业技能等级认定通知.pdf
2026-06-10 10:39:44 [INFO] 已删除文件: uploads\附件1：符合报考班级.pdf
2026-06-10 10:39:51 [INFO] 已删除文件: uploads\附件3：考生报名资料模板.docx
2026-06-10 10:39:53 [INFO] 已删除文件: uploads\李向荣_AI应用面试模拟题.docx
2026-06-10 10:39:56 [INFO] 从向量库删除了 4 个 chunks: ¸½¼þ1£º·ûºÏ±¨¿¼°à¼¶.pdf
2026-06-10 10:39:56 [INFO] 已删除文件: uploads\¸½¼þ1£º·ûºÏ±¨¿¼°à¼¶.pdf
2026-06-10 10:40:07 [INFO] 从向量库删除了 8 个 chunks: 简历.pdf
2026-06-10 10:40:07 [INFO] 已删除文件: uploads\简历.pdf
2026-06-10 10:44:23 [INFO] 已加载之前的索引
2026-06-10 10:44:26 [INFO] 已加载之前的索引
2026-06-10 10:45:22 [INFO] 已删除文件: uploads\2026院校职业技能等级认定通知.pdf
2026-06-10 10:45:25 [INFO] 已删除文件: uploads\附件3：考生报名资料模板.docx
2026-06-10 10:45:47 [INFO] 已删除文件: uploads\2026院校职业技能等级认定通知.pdf
2026-06-10 10:46:05 [INFO] 从向量库删除了 4 个 chunks: 附件1：符合报考班级.pdf
2026-06-10 10:46:05 [INFO] 已删除文件: uploads\附件1：符合报考班级.pdf
2026-06-10 11:07:07 [INFO] 已加载之前的索引
2026-06-10 11:07:11 [INFO] 已加载之前的索引
2026-06-10 11:07:18 [INFO] 检测到扫描件 PDF（平均每页 0 字符），切换 OCR 模式
2026-06-10 11:07:18 [INFO] 首次使用 OCR，正在加载 EasyOCR 模型...
2026-06-10 11:19:54 [INFO] EasyOCR 模型加载完成
2026-06-10 11:19:59 [INFO] OCR 第 1 页: 识别到 366 字符
2026-06-10 11:20:03 [INFO] OCR 第 2 页: 识别到 196 字符
2026-06-10 11:20:09 [INFO] OCR 第 3 页: 识别到 548 字符
2026-06-10 11:20:15 [INFO] OCR 第 4 页: 识别到 218 字符
2026-06-10 11:22:44 [INFO] 已加载之前的索引
2026-06-10 11:22:46 [INFO] 已加载之前的索引
2026-06-10 11:22:49 [INFO] 从向量库删除了 5 个 chunks: 2026院校职业技能等级认定通知.pdf
2026-06-10 11:22:49 [INFO] 已删除文件: uploads\2026院校职业技能等级认定通知.pdf
2026-06-10 11:22:54 [INFO] 检测到扫描件 PDF（平均每页 0 字符），切换 OCR 模式
2026-06-10 11:22:54 [INFO] 首次使用 OCR，正在加载 EasyOCR 模型（首次需下载约 100MB，请耐心等待）...
2026-06-10 11:23:01 [INFO] EasyOCR 模型加载完成
2026-06-10 11:23:08 [INFO] OCR 进度: 1/4 页
2026-06-10 11:23:13 [INFO] OCR 进度: 2/4 页
2026-06-10 11:23:23 [INFO] OCR 进度: 3/4 页
2026-06-10 11:23:25 [INFO] OCR 进度: 4/4 页
2026-06-10 11:23:25 [INFO] OCR 完成，共识别 4 页文字
2026-06-10 11:33:49 [INFO] 已加载之前的索引
2026-06-10 11:33:53 [INFO] 已加载之前的索引
